  Determining projects to restore...
  All projects are up-to-date for restore.
  Analyzers -> C:\github\xavier\FunctionalDDD\Analyzers\src\bin\Debug\netstandard2.0\FunctionalDdd.Analyzers.dll
  Analyzers.Tests -> C:\github\xavier\FunctionalDDD\Analyzers\tests\bin\Debug\net10.0\Analyzers.Tests.dll
Test run for C:\github\xavier\FunctionalDDD\Analyzers\tests\bin\Debug\net10.0\Analyzers.Tests.dll (.NETCoreApp,Version=v10.0)
VSTest version 18.0.1 (x64)

Starting test execution, please wait...
A total of 1 test files matched the specified pattern.
dotnet : [xUnit.net 00:00:01.75]     ResultValue SingleStatement AddsIsSuccessGuard [FAIL]
At line:1 char:42
+ ... ctionalDDD; dotnet test Analyzers/tests/Analyzers.Tests.csproj --filt ...
+                 ~~~~~~~~~~~~~~~~~~~~~~~~~~~~~~~~~~~~~~~~~~~~~~~~~~~~~~~~~
    + CategoryInfo          : NotSpecified: ([xUnit.net 00:0...essGuard [FAIL]:String) [], RemoteException
    + FullyQualifiedErrorId : NativeCommandError
 
  Failed ResultValue SingleStatement AddsIsSuccessGuard [1 s]
  Error Message:
   System.InvalidOperationException : Context: Iterative code fix application
content of '/0/Test0.cs' did not match. Diff shown with expected as baseline:
 using FunctionalDdd;
 using System;
 using System.Threading.Tasks;
 
 namespace TestNamespace
 {
     public class TestClass
 {
     public void TestMethod(Result<int> result)
     {
-        if (result.IsSuccess)
-        {
-            var value = result.Value;
+            if (result.IsSuccess)
+            {
+                var value = result.Value;
+            }
         }
-    }
 }
 }

  Stack Trace:
     at Microsoft.CodeAnalysis.Testing.DefaultVerifier.Fail(String message) in /_/src/Microsoft.CodeAnalysis.Testing/Microsoft.CodeAnalysis.Analyzer.Testing/DefaultVerifier.cs:line 105
   at Microsoft.CodeAnalysis.Testing.IVerifierExtensions.EqualOrDiff(IVerifier verifier, String expected, String actual, String message) in /_/src/Microsoft.CodeAnalysis.Testing/Microsoft.CodeAnalysis.Analyzer.Testing/Extensions/IVerifierExtensions.cs:line 67
   at Microsoft.CodeAnalysis.Testing.CodeFixTest`1.VerifyProjectAsync(ProjectState newState, Project project, IVerifier verifier, CancellationToken cancellationToken) in /_/src/Microsoft.CodeAnalysis.Testing/Microsoft.CodeAnalysis.CodeFix.Testing/CodeFixTest`1.cs:line 537
   at Microsoft.CodeAnalysis.Testing.CodeFixTest`1.VerifyFixAsync(String language, ImmutableArray`1 analyzers, ImmutableArray`1 codeFixProviders, SolutionState oldState, SolutionState newState, Int32 numberOfIterations, Func`10 getFixedProject, IVerifier verifier, CancellationToken cancellationToken) in /_/src/Microsoft.CodeAnalysis.Testing/Microsoft.CodeAnalysis.CodeFix.Testing/CodeFixTest`1.cs:line 515
   at Microsoft.CodeAnalysis.Testing.CodeFixTest`1.VerifyFixAsync(SolutionState testState, SolutionState fixedState, SolutionState batchFixedState, IVerifier verifier, CancellationToken cancellationToken) in /_/src/Microsoft.CodeAnalysis.Testing/Microsoft.CodeAnalysis.CodeFix.Testing/CodeFixTest`1.cs:line 477
   at Microsoft.CodeAnalysis.Testing.CodeFixTest`1.RunImplAsync(CancellationToken cancellationToken) in /_/src/Microsoft.CodeAnalysis.Testing/Microsoft.CodeAnalysis.CodeFix.Testing/CodeFixTest`1.cs:line 316
   at Microsoft.CodeAnalysis.Testing.AnalyzerTest`1.RunAsync(CancellationToken cancellationToken) in /_/src/Microsoft.CodeAnalysis.Testing/Microsoft.CodeAnalysis.Analyzer.Testing/AnalyzerTest`1.cs:line 174
   at FunctionalDdd.Analyzers.Tests.AddResultGuardCodeFixProviderTests.ResultValue_SingleStatement_AddsIsSuccessGuard() in C:\github\xavier\FunctionalDDD\Analyzers\tests\AddResultGuardCodeFixProviderTests.cs:line 47
--- End of stack trace from previous location ---

Failed!  - Failed:     1, Passed:     0, Skipped:     0, Total:     1, Duration: 1 s - Analyzers.Tests.dll (net10.0)
